     1                                 %line 1+1 ast9func.asm
     2                                 
     3                                 
     4                                 
     5                                 
     6                                 
     7                                 
     8                                 
     9                                 
    10                                 
    11                                 
    12                                 
    13                                 
    14                                 
    15                                 
    16                                 
    17                                 
    18                                 
    19                                 
    20                                 
    21                                 
    22                                 
    23                                 
    24                                 
    25                                 
    26                                 
    27                                 
    28                                 
    29                                 
    30                                 
    31                                 
    32                                 
    33                                 
    34                                 
    35                                 
    36                                 
    37                                 
    38                                 
    39                                 
    40                                 
    41                                 [section .data]
    42                                 
    43                                 
    44                                 
    45                                 
    46                                 TRUE equ 1
    47                                 FALSE equ 0
    48                                 
    49                                 EXIT_SUCCESS equ 0
    50                                 
    51                                 STDIN equ 0
    52                                 STDOUT equ 1
    53                                 STDERR equ 2
    54                                 
    55                                 SYS_read equ 0
    56                                 SYS_write equ 1
    57                                 SYS_open equ 2
    58                                 SYS_close equ 3
    59                                 SYS_fork equ 57
    60                                 SYS_exit equ 60
    61                                 SYS_creat equ 85
    62                                 SYS_time equ 201
    63                                 
    64                                 LF equ 10
    65                                 SPACE equ " "
    66                                 NULL equ 0
    67                                 ESC equ 27
    68                                 
    69                                 
    70                                 
    71                                 
    72                                 MAXNUM equ 100000
    73                                 MINNUM equ -100000
    74                                 BUFFSIZE equ 51
    75                                 
    76                                 
    77                                 
    78                                 
    79                                 
    80                                 
    81                                 
    82                                 [section .text]
    83                                 
    84                                 
    85                                 
    86                                 
    87                                 
    88                                 
    89                                 
    90                                 
    91                                 
    92                                 
    93                                 
    94                                 
    95                                 
    96                                 
    97                                 
    98                                 
    99                                 
   100                                 
   101                                 
   102                                 
   103                                 
   104                                 
   105                                 [global readNonaryNum]
   106                                 readNonaryNum:
   107                                 
   108                                 
   109                                 
   110 00000000 55                      push rbp
   111 00000001 4889E5                  mov rbp, rsp
   112 00000004 4883EC3A                sub rsp, 58
   113                                 
   114                                 
   115                                 
   116 00000008 53                      push rbx
   117 00000009 4154                    push r12
   118 0000000B 4155                    push r13
   119 0000000D 4156                    push r14
   120 0000000F 4157                    push r15
   121                                 
   122                                 
   123                                 
   124 00000011 4889FB                  mov rbx, rdi
   125 00000014 4989F4                  mov r12, rsi
   126 00000017 4989D5                  mov r13, rdx
   127 0000001A 4989CE                  mov r14, rcx
   128 0000001D 4D89C7                  mov r15, r8
   129                                 
   130                                 
   131                                 
   132 00000020 4889F7                  mov rdi, rsi
   133 00000023 E865030000              call printString
   134                                 
   135                                 
   136                                 
   137                                 
   138                                 initializeSDLs:
   139                                 
   140 00000028 53                      push rbx
   141                                 
   142 00000029 C745C800000000          mov dword [rbp - 56], 0
   143 00000030 C645C700                mov byte [rbp - 57], FALSE
   144 00000034 C645C600                mov byte [rbp - 58], 0
   145 00000038 488D5DCD                lea rbx, byte [rbp - 51]
   146                                 
   147                                 
   148                                 
   149                                 
   150                                 
   151                                 NxtChrLp:
   152                                 
   153                                 
   154 0000003C FE45C6                  inc byte [rbp - 58]
   155                                 
   156                                 
   157 0000003F 48C7C000000000          mov rax, SYS_read
   158 00000046 48C7C700000000          mov rdi, STDIN
   159 0000004D 488D75CC                lea rsi, byte [rbp - 52]
   160 00000051 48C7C201000000          mov rdx, 1
   161 00000058 0F05                    syscall
   162                                 
   163                                 
   164 0000005A 8A45CC                  mov al, byte [rbp - 52]
   165 0000005D 3C0A                    cmp al, LF
   166 0000005F 740D                    je inputDone
   167                                 
   168                                 
   169 00000061 8A4DC6                  mov cl, byte [rbp - 58]
   170 00000064 80F932                  cmp cl, 50
   171 00000067 7703                    ja SkipStorage
   172                                 
   173                                 
   174 00000069 8803                    mov byte [rbx], al
   175 0000006B 48FFC3                  inc rbx
   176                                 
   177                                 
   178                                  SkipStorage:
   179                                 
   180 0000006E EBCA                   jmp NxtChrLp
   181                                 
   182                                 
   183                                 
   184                                 
   185                                 inputDone:
   186                                 
   187                                 
   188                                 
   189                                 
   190                                 
   191 00000070 C60300                 mov byte [rbx], NULL
   192                                 
   193                                 
   194                                 
   195 00000073 5B                     pop rbx
   196                                 
   197                                 
   198                                 
   199                                 
   200                                 
   201 00000074 8A45C6                 mov al, byte [rbp - 58]
   202 00000077 3C32                   cmp al, 50
   203 00000079 0F8794000000           ja ErrInput2long
   204                                 
   205                                 
   206                                 
   207 0000007F 8A45C6                 mov al, byte [rbp - 58]
   208 00000082 3C01                   cmp al, 1
   209 00000084 7513                   jne ContinueFunc
   210                                 
   211                                 
   212                                 
   213 00000086 415F                    pop r15
   214 00000088 415E                    pop r14
   215 0000008A 415D                    pop r13
   216 0000008C 415C                    pop r12
   217 0000008E 5B                      pop rbx
   218                                 
   219 0000008F 4889EC                  mov rsp, rbp
   220 00000092 5D                      pop rbp
   221                                 
   222 00000093 48C7C000000000          mov rax, FALSE
   223 0000009A C3                      ret
   224                                 
   225                                 ContinueFunc:
   226                                 
   227                                 
   228                                 
   229                                 
   230                                 
   231                                 
   232 0000009B 488D4DCD               lea rcx, byte [rbp - 51]
   233                                 
   234                                 
   235                                 
   236                                 
   237                                 
   238                                 
   239                                 ErrChkLp
   240                                 
   241                                 
   242 0000009F 8A01                    mov al, byte [rcx]
   243 000000A1 3C20                    cmp al, ' '
   244 000000A3 743E                    je SpaceDetected
   245                                 
   246                                 
   247 000000A5 3C2B                    cmp al, '+'
   248 000000A7 7406                    je PlusFound
   249                                 
   250                                 
   251 000000A9 3C2D                    cmp al, '-'
   252 000000AB 7540                    jne ErrInvInput
   253                                 
   254                                 
   255 000000AD C645C701                mov byte [rbp - 57], TRUE
   256                                 
   257                                  PlusFound:
   258                                 
   259 000000B1 48FFC1                  inc rcx
   260                                 
   261                                  WithinRangeChk:
   262 000000B4 8A01                    mov al, byte [rcx]
   263                                 
   264                                 
   265 000000B6 3C39                    cmp al, '9'
   266 000000B8 7448                    je ErrOutOfRange
   267 000000BA 3C30                    cmp al, '0'
   268 000000BC 722F                    jb ErrInvInput
   269 000000BE 3C38                    cmp al, '8'
   270 000000C0 772B                    ja ErrInvInput
   271                                 
   272                                 
   273                                 
   274                                 
   275                                 
   276 000000C2 2C30                    sub al, '0'
   277 000000C4 49C7C000000000          mov r8, 0
   278 000000CB 4188C0                  mov r8b, al
   279                                 
   280                                 
   281 000000CE 8B45C8                  mov eax, dword [rbp - 56]
   282 000000D1 6BC009                  imul eax, 9
   283 000000D4 8945C8                  mov dword [rbp - 56], eax
   284                                 
   285                                 
   286 000000D7 440145C8                add dword [rbp - 56], r8d
   287                                 
   288                                 
   289 000000DB 48FFC1                  inc rcx
   290                                 
   291                                 
   292 000000DE 803900                  cmp byte [rcx], NULL
   293 000000E1 7449                    je ExitErrChk
   294                                 
   295 000000E3 EBCD                    jmp WithinRangeChk
   296                                 
   297                                 
   298                                  SpaceDetected:
   299                                 
   300                                 
   301 000000E5 48FFC1                  inc rcx
   302                                 
   303                                 
   304                                 
   305 000000E8 803900                  cmp byte [rcx], NULL
   306 000000EB 7400                    je ErrInvInput
   307                                 
   308                                 
   309 000000ED EBAE                   jmp ErrChkLp
   310                                 
   311                                 
   312                                 
   313                                 
   314                                 
   315                                 
   316                                 ErrInvInput:
   317                                 
   318                                 
   319 000000EF 4C89EF                  mov rdi, r13
   320 000000F2 E896020000              call printString
   321                                 
   322                                 
   323 000000F7 4C89E7                  mov rdi, r12
   324 000000FA E88E020000              call printString
   325                                 
   326                                 
   327 000000FF E91FFFFFFF              jmp initializeSDLs
   328                                 
   329                                 
   330                                 
   331                                 ErrOutOfRange:
   332                                 
   333                                 
   334 00000104 4C89F7                  mov rdi, r14
   335 00000107 E881020000              call printString
   336                                 
   337                                 
   338 0000010C 4C89E7                  mov rdi, r12
   339 0000010F E879020000              call printString
   340                                 
   341                                 
   342 00000114 E90AFFFFFF              jmp initializeSDLs
   343                                 
   344                                 
   345                                 
   346                                 ErrInput2long:
   347                                 
   348                                 
   349 00000119 4C89FF                  mov rdi, r15
   350 0000011C E86C020000              call printString
   351                                 
   352                                 
   353 00000121 4C89E7                  mov rdi, r12
   354 00000124 E864020000              call printString
   355                                 
   356                                 
   357 00000129 E9F5FEFFFF              jmp initializeSDLs
   358                                 
   359                                 
   360                                 
   361                                 ExitErrChk:
   362                                 
   363                                 
   364                                 
   365                                 
   366 0000012E 8A45C7                 mov al, byte [rbp - 57]
   367 00000131 3C01                   cmp al, TRUE
   368 00000133 7501                   jne SkipNeg
   369 00000135 F75DC8                  neg dword [rbp - 56]
   370                                 SkipNeg:
   371                                 
   372                                 
   373                                 
   374 00000138 8B45C8                 mov eax, dword [rbp - 56]
   375 0000013B 8903                   mov dword [rbx], eax
   376                                 
   377                                 
   378                                 
   379 0000013D 415F                    pop r15
   380 0000013F 415E                    pop r14
   381 00000141 415D                    pop r13
   382 00000143 415C                    pop r12
   383 00000145 5B                      pop rbx
   384                                 
   385                                 
   386 00000146 48C7C001000000         mov rax, TRUE
   387                                 
   388 0000014D 4889EC                 mov rsp, rbp
   389 00000150 5D                     pop rbp
   390                                 
   391 00000151 C3                     ret
   392                                 
   393                                 
   394                                 
   395                                 
   396                                 
   397                                 
   398                                 
   399                                 
   400                                 
   401                                 
   402                                 
   403                                 
   404                                 
   405                                 
   406                                 
   407                                 
   408                                 
   409                                 [global combSort]
   410                                 combSort:
   411                                 
   412                                 
   413                                 
   414                                 
   415                                 
   416                                 
   417                                 
   418                                 
   419                                 
   420                                 
   421                                 
   422                                 
   423                                 
   424 00000152 55                      push rbp
   425 00000153 4889E5                  mov rbp, rsp
   426 00000156 4883EC0A                sub rsp, 10
   427                                 
   428 0000015A C645F601                mov byte [rbp - 10], TRUE
   429 0000015E C645F700                mov byte [rbp - 9], FALSE
   430 00000162 C745F80C000000          mov dword [rbp - 8], 12
   431 00000169 C745FC0A000000          mov dword [rbp - 4], 10
   432                                 
   433                                 
   434                                 
   435 00000170 48C7C100000000         mov rcx, 0
   436 00000177 89F1                   mov ecx, esi
   437                                 
   438                                 
   439                                 OuterLoop:
   440                                 
   441                                 
   442                                 
   443 00000179 83F901                  cmp ecx, 1
   444 0000017C 7602                    jbe Condition1False
   445 0000017E C645F701                mov byte [rbp - 9], TRUE
   446                                 
   447                                  Condition1False:
   448 00000182 807DF601                cmp byte [rbp - 10], TRUE
   449 00000186 7602                    jbe Condition2False
   450 00000188 C645F701                mov byte [rbp - 9], TRUE
   451                                 
   452                                  Condition2False:
   453 0000018C 807DF701                cmp byte [rbp - 9], TRUE
   454 00000190 7553                    jne OuterLoopDone
   455                                 
   456                                 
   457                                 
   458                                 
   459                                 
   460                                 
   461 00000192 48C7C000000000          mov rax, 0
   462 00000199 89C8                    mov eax, ecx
   463 0000019B F765FC                  mul dword [rbp - 4]
   464 0000019E F775F8                  div dword [rbp - 8]
   465 000001A1 89C1                    mov ecx, eax
   466                                 
   467                                 
   468                                 
   469 000001A3 83F901                  cmp ecx, 1
   470 000001A6 7F03                    jg GapSet
   471                                 
   472 000001A8 B901000000              mov ecx, 1
   473                                 
   474                                 
   475                                  GapSet:
   476                                 
   477                                 
   478                                 
   479                                 
   480                                 
   481                                 
   482 000001AD 48C7C200000000          mov rdx, 0
   483                                 
   484                                 
   485                                 
   486 000001B4 C645F600                mov byte [rbp - 10], FALSE
   487                                 
   488                                 
   489                                 
   490                                  InnerLoop:
   491                                 
   492 000001B8 4989D0                  mov r8, rdx
   493 000001BB 4901C8                  add r8, rcx
   494                                 
   495                                 
   496                                 
   497 000001BE 4139F0                  cmp r8d, esi
   498 000001C1 731C                    jae InnerLoopDone
   499                                 
   500                                 
   501                                 
   502                                 
   503 000001C3 448B0C97                mov r9d, dword [rdi + rdx * 4]
   504 000001C7 468B1487                mov r10d, dword [rdi + r8 * 4]
   505                                 
   506                                 
   507                                 
   508 000001CB 4539D1                  cmp r9d, r10d
   509 000001CE 7E0A                    jle SwapDone
   510                                 
   511                                 
   512                                 
   513 000001D0 44891497                mov dword [rdi + rdx * 4], r10d
   514 000001D4 46890C87                mov dword [rdi + r8 * 4], r9d
   515                                 
   516                                 
   517                                 
   518 000001D8 C645F601                mov byte [rbp - 10], TRUE
   519                                 
   520                                 
   521                                 
   522                                  SwapDone:
   523                                 
   524                                 
   525                                 
   526 000001DC 48FFC2                  inc rdx
   527                                 
   528 000001DF EBD5                    jmp InnerLoop
   529                                 
   530                                 
   531                                 
   532                                  InnerLoopDone:
   533                                 
   534                                 
   535                                 
   536 000001E1 C645F700                mov byte[rbp - 9], FALSE
   537                                 
   538 000001E5 EB90                    jmp OuterLoop
   539                                 
   540                                 
   541                                 
   542                                 OuterLoopDone:
   543                                 
   544                                 
   545                                 
   546                                 
   547 000001E7 4889EC                 mov rsp, rbp
   548 000001EA 5D                     pop rbp
   549                                 
   550                                 
   551 000001EB C3                     ret
   552                                 
   553                                 
   554                                 
   555                                 
   556                                 
   557                                 
   558                                 
   559                                 
   560                                 
   561                                 
   562                                 
   563                                 
   564                                 
   565                                 
   566                                 
   567                                 
   568                                 
   569                                 
   570                                 
   571                                 
   572                                 
   573                                 
   574                                 
   575                                 
   576                                 
   577                                 
   578                                 
   579                                 
   580                                 
   581                                 
   582                                 
   583                                 
   584                                 
   585                                 [global lstStats]
   586                                 lstStats:
   587                                 
   588                                 
   589                                 
   590                                 
   591                                 
   592                                 
   593 000001EC 55                      push rbp
   594 000001ED 4889E5                  mov rbp, rsp
   595                                 
   596                                 
   597                                 
   598 000001F0 53                      push rbx
   599 000001F1 4154                    push r12
   600 000001F3 4155                    push r13
   601 000001F5 4156                    push r14
   602                                 
   603                                 
   604                                 
   605 000001F7 8B07                    mov eax, dword [rdi]
   606 000001F9 418900                  mov dword [r8], eax
   607                                 
   608                                 
   609                                 
   610 000001FC 49C7C200000000          mov r10, 0
   611 00000203 4989F2                  mov r10, rsi
   612 00000206 49FFCA                  dec r10
   613 00000209 428B0497                mov eax, dword [rdi + r10 * 4]
   614 0000020D 418901                  mov dword [r9], eax
   615                                 
   616                                 
   617                                 
   618                                 
   619                                 
   620                                 
   621                                 
   622 00000210 4889FB                  mov rbx, rdi
   623 00000213 4189F4                  mov r12d, esi
   624 00000216 4989D5                  mov r13, rdx
   625 00000219 4989CE                  mov r14, rcx
   626                                 
   627                                 
   628                                 
   629                                 
   630 0000021C 4889DF                  mov rdi, rbx
   631 0000021F 4489E6                  mov esi, r12d
   632                                 
   633 00000222 E8CF000000              call lstSum
   634 00000227 41894500                mov dword [r13], eax
   635                                 
   636                                 
   637                                 
   638                                 
   639 0000022B 4889DF                  mov rdi, rbx
   640 0000022E 4489E6                  mov esi, r12d
   641                                 
   642 00000231 E8D8000000              call lstAverage
   643 00000236 418906                  mov dword [r14], eax
   644                                 
   645                                 
   646                                 
   647                                 
   648                                 
   649                                 
   650 00000239 4889DF                  mov rdi, rbx
   651 0000023C 4489E6                  mov esi, r12d
   652                                 
   653 0000023F E80B000000              call lstMedian
   654                                 
   655                                 
   656                                 
   657                                 
   658 00000244 4C8B5D10                mov r11, qword [rbp + 16]
   659 00000248 418903                  mov dword[r11], eax
   660                                 
   661                                 
   662                                 
   663                                 
   664 0000024B 415E                    pop r14
   665 0000024D 415D                    pop r13
   666 0000024F 415C                    pop r12
   667 00000251 5B                      pop rbx
   668 00000252 5D                      pop rbp
   669                                 
   670 00000253 C3                     ret
   671                                 
   672                                 
   673                                 
   674                                 
   675                                 
   676                                 
   677                                 
   678                                 
   679                                 
   680                                 
   681                                 
   682                                 
   683                                 
   684                                 
   685                                 
   686                                 
   687                                 
   688                                 [global lstMedian]
   689                                 lstMedian:
   690                                 
   691                                 
   692                                 
   693 00000254 48C7C102000000          mov rcx, 2
   694 0000025B BA00000000              mov edx, 0
   695 00000260 4889F0                  mov rax, rsi
   696 00000263 48F7F1                  div rcx
   697                                 
   698                                 
   699 00000266 83FA00                  cmp edx, 0
   700 00000269 7504                    jne OddResult
   701                                 
   702                                 
   703 0000026B 448B0487                mov r8d, dword [rdi + rax * 4]
   704                                 
   705                                 
   706 0000026F FFC8                    dec eax
   707                                 
   708                                  OddResult:
   709                                 
   710                                 
   711 00000271 448B0C87                mov r9d, dword [rdi + rax * 4]
   712                                 
   713 00000275 4489C8                  mov eax, r9d
   714                                 
   715                                 
   716 00000278 83FA00                  cmp edx, 0
   717 0000027B 7508                    jne OddResult2
   718                                 
   719 0000027D 4501C8                  add r8d, r9d
   720 00000280 4489C0                  mov eax, r8d
   721 00000283 99                      cdq
   722 00000284 48F7F9                  idiv rcx
   723                                 
   724                                 
   725                                  OddResult2:
   726                                 
   727 00000287 C3                     ret
   728                                 
   729                                 
   730                                 
   731                                 
   732                                 
   733                                 
   734                                 
   735                                 
   736                                 
   737                                 
   738                                 
   739                                 
   740                                 
   741                                 
   742                                 
   743                                 
   744                                 
   745                                 [global lstEstMedian]
   746                                 lstEstMedian:
   747                                 
   748                                 
   749                                 
   750 00000288 53                      push rbx
   751 00000289 4154                    push r12
   752 0000028B 4155                    push r13
   753                                 
   754                                 
   755                                 
   756 0000028D 49C7C200000000          mov r10, 0
   757 00000294 4989F2                  mov r10, rsi
   758 00000297 49FFCA                  dec r10
   759 0000029A 428B0497                mov eax, dword [rdi + r10 * 4]
   760 0000029E 89C3                    mov ebx, eax
   761                                 
   762                                 
   763                                 
   764 000002A0 8B07                    mov eax, dword [rdi]
   765 000002A2 4189C4                  mov r12d, eax
   766                                 
   767                                 
   768                                 
   769 000002A5 48C7C102000000          mov rcx, 2
   770 000002AC BA00000000              mov edx, 0
   771 000002B1 4889F0                  mov rax, rsi
   772 000002B4 48F7F1                  div rcx
   773 000002B7 4189D5                  mov r13d, edx
   774                                 
   775                                 
   776 000002BA FFC8                    dec eax
   777                                 
   778                                 
   779 000002BC 448B0487                mov r8d, dword [rdi + rax * 4]
   780                                 
   781                                 
   782 000002C0 FFC0                    inc eax
   783                                 
   784                                 
   785 000002C2 448B0C87                mov r9d, dword [rdi + rax * 4]
   786                                 
   787                                 
   788 000002C6 4401E3                  add ebx, r12d
   789 000002C9 4401C3                  add ebx, r8d
   790 000002CC 4401CB                  add ebx, r9d
   791                                 
   792                                 
   793 000002CF 4183FD00                cmp r13d, 0
   794 000002D3 750B                    jne OddResult3
   795                                 
   796 000002D5 48C7C104000000          mov rcx, 4
   797 000002DC 89D8                    mov eax, ebx
   798 000002DE 99                      cdq
   799 000002DF 48F7F9                  idiv rcx
   800                                 
   801                                 
   802                                  OddResult3:
   803                                 
   804 000002E2 4183FD00                cmp r13d, 0
   805 000002E6 740B                    je EvenResult
   806                                 
   807 000002E8 48C7C103000000          mov rcx, 3
   808 000002EF 89D8                    mov eax, ebx
   809 000002F1 99                      cdq
   810 000002F2 48F7F9                  idiv rcx
   811                                 
   812                                  EvenResult:
   813                                 
   814                                 
   815                                 
   816                                 
   817 000002F5 415D                    pop r13
   818 000002F7 415C                    pop r12
   819 000002F9 5B                      pop rbx
   820                                 
   821 000002FA C3                     ret
   822                                 
   823                                 
   824                                 
   825                                 
   826                                 
   827                                 
   828                                 
   829                                 
   830                                 
   831                                 
   832                                 
   833                                 
   834                                 
   835                                 
   836                                 
   837                                 
   838                                 
   839                                 [global lstSum]
   840                                 lstSum:
   841                                 
   842 000002FB 4889FA                 mov rdx, rdi
   843 000002FE 4889F1                 mov rcx, rsi
   844 00000301 B800000000             mov eax, 0
   845                                 
   846                                 CalcLoop:
   847                                 
   848                                 
   849                                 
   850                                 
   851 00000306 448B02                  mov r8d, dword [rdx]
   852                                 
   853                                 
   854                                 
   855                                 
   856 00000309 4401C0                  add eax, r8d
   857                                 
   858                                 
   859                                 
   860                                 
   861 0000030C 4883C204                add rdx, 4
   862                                 
   863 00000310 E2F2                   loop CalcLoop
   864                                 
   865                                 
   866                                 
   867                                 
   868 00000312 C3                     ret
   869                                 
   870                                 
   871                                 
   872                                 
   873                                 
   874                                 
   875                                 
   876                                 
   877                                 
   878                                 
   879                                 
   880                                 
   881                                 
   882                                 
   883                                 
   884                                 
   885                                 
   886                                 [global lstAverage]
   887                                 lstAverage:
   888                                 
   889                                 
   890 00000313 4889FA                 mov rdx, rdi
   891 00000316 4889F1                 mov rcx, rsi
   892 00000319 B800000000             mov eax, 0
   893                                 
   894                                 GetAve:
   895                                 
   896                                 
   897                                 
   898                                 
   899 0000031E 448B02                  mov r8d, dword [rdx]
   900                                 
   901                                 
   902                                 
   903                                 
   904 00000321 4401C0                  add eax, r8d
   905                                 
   906                                 
   907                                 
   908                                 
   909 00000324 4883C204                add rdx, 4
   910                                 
   911 00000328 E2F2                   loop GetAve
   912                                 
   913                                 
   914                                 
   915                                 
   916 0000032A 99                     cdq
   917 0000032B F7FE                   idiv esi
   918                                 
   919 0000032D C3                     ret
   920                                 
   921                                 
   922                                 
   923                                 
   924                                 
   925                                 
   926                                 
   927                                 
   928                                 
   929                                 
   930                                 
   931                                 
   932                                 
   933                                 
   934                                 
   935                                 
   936                                 
   937                                 
   938                                 [global lstKurtosis]
   939                                 lstKurtosis:
   940                                 
   941                                 
   942                                 
   943 0000032E 53                      push rbx
   944                                 
   945                                 
   946 0000032F 89D3                    mov ebx, edx
   947                                 
   948                                 
   949 00000331 48C7C100000000          mov rcx, 0
   950                                 
   951                                 
   952 00000338 49C7C100000000          mov r9, 0
   953 0000033F 49C7C200000000          mov r10, 0
   954                                 
   955                                 
   956                                  SumLoop:
   957                                 
   958                                 
   959 00000346 49C7C000000000          mov r8, 0
   960 0000034D 4C63048F                movsxd r8, dword [rdi + rcx * 4]
   961 00000351 4929D8                  sub r8, rbx
   962                                 
   963                                 
   964                                 
   965 00000354 48C7C200000000          mov rdx, 0
   966 0000035B 48C7C000000000          mov rax, 0
   967 00000362 4C89C0                  mov rax, r8
   968 00000365 49F7E8                  imul r8
   969                                 
   970                                 
   971 00000368 4901C2                  add r10, rax
   972                                 
   973 0000036B 49F7E8                  imul r8
   974 0000036E 49F7E8                  imul r8
   975                                 
   976                                 
   977 00000371 4901C1                  add r9, rax
   978                                 
   979                                 
   980                                 
   981 00000374 48FFC1                  inc rcx
   982 00000377 39F1                    cmp ecx, esi
   983 00000379 7CC9                    jl SumLoop
   984                                 
   985                                 
   986 0000037B 48C7C000000000          mov rax, 0
   987                                 
   988                                 
   989 00000382 4983FA00                cmp r10, 0
   990 00000386 7406                    je divisor0
   991 00000388 4C89C8                  mov rax, r9
   992 0000038B 4899                    cqo
   993 0000038D 49F7FA                  idiv r10
   994                                  divisor0:
   995                                 
   996                                 
   997                                 
   998                                 
   999 00000390 5B                      pop rbx
  1000                                 
  1001 00000391 C3                     ret
  1002                                 
  1003                                 
  1004                                 
  1005                                 
  1006                                 
  1007                                 
  1008                                 
  1009                                 
  1010                                 
  1011                                 
  1012                                 
  1013                                 
  1014                                 
  1015                                 
  1016                                 
  1017                                 
  1018                                 
  1019                                 
  1020                                 
  1021                                 [global printString]
  1022                                 printString:
  1023                                 
  1024                                 
  1025                                 
  1026                                 
  1027 00000392 48C7C200000000          mov rdx, 0
  1028                                 strCountLoop:
  1029 00000399 803C1700                cmp byte [rdi+rdx], NULL
  1030 0000039D 7403                    je strCountLoopDone
  1031 0000039F 48FFC2                  inc rdx
  1032 000003A2 EBF3                    jmp strCountLoop
  1033                                 strCountLoopDone:
  1034 000003A4 4883FA00                cmp rdx, 0
  1035 000003A8 7411                    je printStringDone
  1036                                 
  1037                                 
  1038                                 
  1039                                 
  1040 000003AA 48C7C001000000          mov rax, SYS_write
  1041 000003B1 4889FE                  mov rsi, rdi
  1042 000003B4 48C7C701000000          mov rdi, STDOUT
  1043                                 
  1044 000003BB 0F05                    syscall
  1045                                 
  1046                                 
  1047                                 
  1048                                 
  1049                                 printStringDone:
  1050 000003BD C3                      ret
  1051                                 
  1052                                 
  1053                                 
