     1                                 %line 1+1 ast06.asm
     2                                 
     3                                 
     4                                 
     5                                 
     6                                 
     7                                 
     8                                 
     9                                 
    10                                 
    11                                 
    12                                 
    13                                 
    14                                 
    15                                 
    16                                 
    17                                 
    18                                 
    19                                 
    20                                 
    21                                 
    22                                 
    23                                 
    24                                 
    25                                 
    26                                 
    27                                 
    28                                 
    29                                 
    30                                 
    31                                 
    32                                 
    33                                 
    34                                 
    35                                 
    36                                 
    37                                 
    38                                 
    39                                 
    40                                 
    41                                 %line 102+1 ast06.asm
    42                                 
    43                                 
    44                                 
    45                                 
    46                                 
    47                                 
    48                                 
    49                                 
    50                                 
    51                                 
    52                                 
    53                                 
    54                                 %line 200+1 ast06.asm
    55                                 
    56                                 
    57                                 
    58                                 
    59                                 
    60                                 
    61                                 
    62                                 
    63                                 
    64                                 
    65                                 
    66                                 %line 239+1 ast06.asm
    67                                 
    68                                 
    69                                 
    70                                 [section .data]
    71                                 
    72                                 
    73                                 
    74                                 
    75                                 TRUE equ 1
    76                                 FALSE equ 0
    77                                 
    78                                 SUCCESS equ 0
    79                                 NOSUCCESS equ 1
    80                                 
    81                                 STDIN equ 0
    82                                 STDOUT equ 1
    83                                 STDERR equ 2
    84                                 
    85                                 SYS_read equ 0
    86                                 SYS_write equ 1
    87                                 SYS_open equ 2
    88                                 SYS_close equ 3
    89                                 SYS_fork equ 57
    90                                 SYS_exit equ 60
    91                                 SYS_creat equ 85
    92                                 SYS_time equ 201
    93                                 
    94                                 LF equ 10
    95                                 SPACE equ " "
    96                                 NULL equ 0
    97                                 ESC equ 27
    98                                 
    99                                 NUMS_PER_LINE equ 3
   100                                 MAX_STR_LENGTH equ 20
   101                                 
   102                                 
   103                                 
   104                                 
   105 00000000 2D31323500             Anum db "-125", NULL
   106 00000005 00000000               Aval dd 0
   107 00000009 18F4FDFF               Cval dd -134120
   108 0000000D 00000000               xInt dd 0
   109                                 
   110 00000011 2B313137002D333437-    Alst db "+117", NULL, "-347", NULL, "+647", NULL
   111 00000011 002B36343700       
   112 00000020 2B323735002B313334-     db "+275", NULL, "+134", NULL, "+206", NULL
   113 00000020 002B32303600       
   114 0000002F 2B363138002B313233-     db "+618", NULL, "+1231", NULL, "-1018", NULL
   115 0000002F 31002D3130313800   
   116 00000040 2B3238002B32383300-     db "+28", NULL, "+283", NULL, "-1206", NULL
   117 00000040 2D3132303600       
   118 0000004F 2D313834002B343831-     db "-184", NULL, "+481", NULL, "-2034", NULL
   119 0000004F 002D3230333400     
   120 0000005F 2D313634002B373100-     db "-164", NULL, "+71", NULL, "-1845", NULL
   121 0000005F 2D3138343500       
   122                                 
   123 0000006E 2B313238313237002B-    Clst db "+128127", NULL, "+162221", NULL, "+3412231", NULL
   124 0000006E 313632323231002B33-
   125 0000006E 34313232333100     
   126 00000087 2D3131373638323500-     db "-1176825", NULL, "+158027", NULL, "-1174821", NULL
   127 00000087 2B313538303237002D-
   128 00000087 3131373438323100   
   129 000000A1 2B3238343335002D31-     db "+28435", NULL, "-15816", NULL, "-2876520", NULL
   130 000000A1 35383136002D323837-
   131 000000A1 3635323000         
   132 000000B8 2B323137343538002D-     db "+217458", NULL, "-257410", NULL, "-6520287", NULL
   133 000000B8 323537343130002D36-
   134 000000B8 35323032383700     
   135 000000D1 2D313230313638002B-     db "-120168", NULL, "+12872", NULL, "+1451345", NULL
   136 000000D1 3132383732002B3134-
   137 000000D1 353133343500       
   138 000000E9 2B3137313832323100-     db "+1718221", NULL, "+268760", NULL, "-823575", NULL
   139 000000E9 2B323638373630002D-
   140 000000E9 38323335373500     
   141                                 
   142 00000102 12000000               length dd 18
   143 00000106 00000000               xIntSum dd 0
   144 0000010A 00000000               xIntAve dd 0
   145                                 
   146                                 
   147                                 
   148                                 
   149 0000010E 2D2D2D2D2D2D2D2D2D-    hdr db "------------------------------------"
   150 0000010E 2D2D2D2D2D2D2D2D2D-
   151 0000010E 2D2D2D2D2D2D2D2D2D-
   152 0000010E 2D2D2D2D2D2D2D2D2D 
   153 00000132 2D2D2D2D2D2D2D2D2D-     db "-------------------------"
   154 00000132 2D2D2D2D2D2D2D2D2D-
   155 00000132 2D2D2D2D2D2D2D     
   156 0000014B 0A1B5B316D43532032-     db LF, ESC, "[1m", "CS 218 - Assignment #6"
   157 0000014B 3138202D2041737369-
   158 0000014B 676E6D656E74202336 
   159 00000166 1B5B306D0A              db ESC, "[0m", LF
   160 0000016B 582D496E7465726365-     db "X-Intercepts Program"
   161 0000016B 7074732050726F6772-
   162 0000016B 616D               
   163 0000017F 0A00                    db LF, NULL
   164                                 
   165 00000181 0A582D696E74657263-    xHdr db LF, "X-intercept (test): ", NULL
   166 00000181 657074202874657374-
   167 00000181 293A2000           
   168 00000197 0A582D696E74657263-    xIntsHdr db LF, "X-intercepts: ", LF, NULL
   169 00000197 657074733A200A00   
   170 000001A8 0A582D696E74657263-    smHdr db LF, "X-intercepts Sum: ", NULL
   171 000001A8 657074732053756D3A-
   172 000001A8 2000               
   173 000001BC 0A582D696E74657263-    avHdr db LF, "X-intercepts Ave: ", NULL
   174 000001BC 65707473204176653A-
   175 000001BC 2000               
   176                                 
   177 000001D0 00000000               numCount dd 0
   178 000001D4 00000000               tempNum dd 0
   179                                 
   180 000001D8 0A00                   newLine db LF, NULL
   181 000001DA 09000000               dNine dd 9
   182 000001DE 02000000               dTwo dd 2
   183 000001E2 2020202000             spaces db "    ", NULL
   184                                 
   185 000001E7 00000000               rSum dd 0
   186 000001EB 00                     DoNeg db 0
   187                                 
   188                                 
   189                                 
   190                                 
   191                                 [section .bss]
   192                                 
   193 00000000 <gap>                  tmpString resb MAX_STR_LENGTH+1
   194                                 
   195 00000015 <gap>                  Avalues resd 18
   196 0000005D <gap>                  Cvalues resd 18
   197 000000A5 <gap>                  xInts resd 18
   198                                 
   199                                 
   200                                 
   201                                 
   202                                 [section .text]
   203                                 [global _start]
   204                                 _start:
   205                                 
   206                                 
   207                                 
   208                                 
   209 00000000 50                      push rax
   210                                 %line 347+0 ast06.asm
   211 00000001 57                      push rdi
   212 00000002 56                      push rsi
   213 00000003 52                      push rdx
   214 00000004 51                      push rcx
   215                                 
   216 00000005 48C7C200000000          mov rdx, 0
   217 0000000C 48C7C7[00000000]        mov rdi, hdr
   218                                 ..@4.countLoop:
   219 00000013 803F00                  cmp byte [rdi], NULL
   220 00000016 7406                    je ..@4.countLoopDone
   221 00000018 48FFC7                  inc rdi
   222 0000001B 48FFC2                  inc rdx
   223 0000001E EBF1                    jmp ..@4.countLoop
   224                                 ..@4.countLoopDone:
   225                                 
   226 00000020 48C7C001000000          mov rax, SYS_write
   227 00000027 48C7C701000000          mov rdi, STDOUT
   228 0000002E 48C7C6[00000000]        mov rsi, hdr
   229 00000035 0F05                    syscall
   230                                 
   231 00000037 59                      pop rcx
   232 00000038 5A                      pop rdx
   233 00000039 5E                      pop rsi
   234 0000003A 5F                      pop rdi
   235 0000003B 58                      pop rax
   236                                 %line 348+1 ast06.asm
   237                                 
   238                                 
   239                                 
   240                                 
   241                                 
   242                                 
   243                                 
   244                                 
   245                                 
   246                                 
   247                                 
   248                                 
   249                                 
   250                                 
   251                                 
   252                                 
   253 0000003C 48C70425[00000000]-     mov qword [rSum], 0
   254 0000003C 00000000           
   255                                 
   256                                 
   257                                 
   258                                 
   259 00000048 49C7C6[00000000]        mov r14, Anum
   260                                 
   261                                 
   262 0000004F C60425[00000000]00      mov byte [DoNeg], 0
   263                                 
   264                                 
   265 00000057 49C7C000000000          mov r8, 0
   266                                 
   267                                 
   268                                  CvtLoop:
   269                                 
   270                                 
   271                                 
   272 0000005E 49FFC0                  inc r8
   273                                 
   274 00000061 43803C0600              cmp byte [r14 + r8], NULL
   275 00000066 741F                    je NullEncounter
   276                                 
   277                                 
   278                                 
   279 00000068 478A2C06                mov r13b, byte [r14 + r8]
   280 0000006C 4180ED30                sub r13b, "0"
   281                                 
   282                                 
   283                                 
   284 00000070 8B0425[00000000]        mov eax, dword [rSum]
   285 00000077 6BC009                  imul eax, 9
   286 0000007A 890425[00000000]        mov dword [rSum], eax
   287                                 
   288                                 
   289                                 
   290 00000081 44012C25[00000000]      add dword [rSum], r13d
   291                                 
   292                                  NullEncounter:
   293                                 
   294                                 
   295 00000089 43803C0600              cmp byte [r14 + r8], NULL
   296 0000008E 75CC                    jne CvtLoop
   297                                 
   298                                 
   299                                 
   300 00000090 41803E2D                cmp byte [r14], "-"
   301 00000094 7505                    jne SkipNeg
   302 00000096 F71C25[00000000]        neg dword [rSum]
   303                                  SkipNeg:
   304                                 
   305                                 
   306                                 
   307                                 
   308 0000009D 49C7C400000000          mov r12, 0
   309 000000A4 448B2425[00000000]      mov r12d, dword[rSum]
   310 000000AC 44892425[00000000]      mov dword [Aval], r12d
   311                                 
   312                                 
   313                                 
   314                                 
   315                                 
   316                                 
   317                                 
   318                                 
   319                                 
   320 000000B4 8B0425[00000000]        mov eax, dword [Cval]
   321 000000BB 99                      cdq
   322 000000BC F73C25[00000000]        idiv dword [Aval]
   323 000000C3 890425[00000000]        mov dword [xInt], eax
   324                                 
   325                                 
   326                                 
   327                                 
   328                                 
   329 000000CA 50                      push rax
   330                                 %line 439+0 ast06.asm
   331 000000CB 57                      push rdi
   332 000000CC 56                      push rsi
   333 000000CD 52                      push rdx
   334 000000CE 51                      push rcx
   335                                 
   336 000000CF 48C7C200000000          mov rdx, 0
   337 000000D6 48C7C7[00000000]        mov rdi, xHdr
   338                                 ..@5.countLoop:
   339 000000DD 803F00                  cmp byte [rdi], NULL
   340 000000E0 7406                    je ..@5.countLoopDone
   341 000000E2 48FFC7                  inc rdi
   342 000000E5 48FFC2                  inc rdx
   343 000000E8 EBF1                    jmp ..@5.countLoop
   344                                 ..@5.countLoopDone:
   345                                 
   346 000000EA 48C7C001000000          mov rax, SYS_write
   347 000000F1 48C7C701000000          mov rdi, STDOUT
   348 000000F8 48C7C6[00000000]        mov rsi, xHdr
   349 000000FF 0F05                    syscall
   350                                 
   351 00000101 59                      pop rcx
   352 00000102 5A                      pop rdx
   353 00000103 5E                      pop rsi
   354 00000104 5F                      pop rdi
   355 00000105 58                      pop rax
   356                                 %line 440+1 ast06.asm
   357                                 
   358                                 
   359                                 
   360 00000106 C60425[00000000]00      mov byte [DoNeg], FALSE
   361                                 
   362                                 
   363 0000010E 833C25[00000000]00      cmp dword [xInt], 0
   364 00000116 7D0D                    jge DontNeg
   365 00000118 C60425[00000000]01      mov byte [DoNeg], TRUE
   366 00000120 F71C25[00000000]        neg dword [xInt]
   367                                  DontNeg:
   368                                 
   369                                 
   370 00000127 8B0425[00000000]        mov eax, dword [xInt]
   371                                 
   372                                 
   373 0000012E 48C7C100000000          mov rcx, 0
   374                                 
   375                                 
   376 00000135 BB09000000              mov ebx, 9
   377                                 
   378                                  SuccessiveDivLoop:
   379                                 
   380                                 
   381 0000013A 99                      cdq
   382 0000013B F7FB                    idiv ebx
   383                                 
   384                                 
   385 0000013D 52                      push rdx
   386 0000013E 48FFC1                  inc rcx
   387                                 
   388                                 
   389 00000141 83F800                  cmp eax, 0
   390 00000144 75F2                    jne SuccessiveDivLoop
   391                                 
   392                                 
   393 00000146 48C7C3[00000000]        mov rbx, tmpString
   394                                 
   395                                 
   396                                 
   397 0000014D 48C7C701000000          mov rdi, 1
   398                                 
   399                                 
   400 00000154 C6032B                  mov byte [rbx], "+"
   401                                 
   402                                 
   403 00000157 803C25[00000000]00      cmp byte [DoNeg], FALSE
   404 0000015F 7401                    je SignPositive
   405 00000161 C6032D                  mov byte [rbx], "-"
   406                                  SignPositive:
   407                                 
   408                                  popStack:
   409                                 
   410                                 
   411 00000164 58                      pop rax
   412 00000165 0430                    add al, "0"
   413                                 
   414                                 
   415 00000167 88043B                  mov byte [rbx + rdi], al
   416 0000016A 48FFC7                  inc rdi
   417                                 
   418 0000016D E2F3                    loop popStack
   419                                 
   420                                 
   421 0000016F C6043B00                mov byte [rbx + rdi], NULL
   422                                 
   423 00000173 50                      push rax
   424                                 %line 506+0 ast06.asm
   425 00000174 57                      push rdi
   426 00000175 56                      push rsi
   427 00000176 52                      push rdx
   428 00000177 51                      push rcx
   429                                 
   430 00000178 48C7C200000000          mov rdx, 0
   431 0000017F 48C7C7[00000000]        mov rdi, tmpString
   432                                 ..@6.countLoop:
   433 00000186 803F00                  cmp byte [rdi], NULL
   434 00000189 7406                    je ..@6.countLoopDone
   435 0000018B 48FFC7                  inc rdi
   436 0000018E 48FFC2                  inc rdx
   437 00000191 EBF1                    jmp ..@6.countLoop
   438                                 ..@6.countLoopDone:
   439                                 
   440 00000193 48C7C001000000          mov rax, SYS_write
   441 0000019A 48C7C701000000          mov rdi, STDOUT
   442 000001A1 48C7C6[00000000]        mov rsi, tmpString
   443 000001A8 0F05                    syscall
   444                                 
   445 000001AA 59                      pop rcx
   446 000001AB 5A                      pop rdx
   447 000001AC 5E                      pop rsi
   448 000001AD 5F                      pop rdi
   449 000001AE 58                      pop rax
   450                                 %line 507+1 ast06.asm
   451 000001AF 50                      push rax
   452                                 %line 507+0 ast06.asm
   453 000001B0 57                      push rdi
   454 000001B1 56                      push rsi
   455 000001B2 52                      push rdx
   456 000001B3 51                      push rcx
   457                                 
   458 000001B4 48C7C200000000          mov rdx, 0
   459 000001BB 48C7C7[00000000]        mov rdi, newLine
   460                                 ..@7.countLoop:
   461 000001C2 803F00                  cmp byte [rdi], NULL
   462 000001C5 7406                    je ..@7.countLoopDone
   463 000001C7 48FFC7                  inc rdi
   464 000001CA 48FFC2                  inc rdx
   465 000001CD EBF1                    jmp ..@7.countLoop
   466                                 ..@7.countLoopDone:
   467                                 
   468 000001CF 48C7C001000000          mov rax, SYS_write
   469 000001D6 48C7C701000000          mov rdi, STDOUT
   470 000001DD 48C7C6[00000000]        mov rsi, newLine
   471 000001E4 0F05                    syscall
   472                                 
   473 000001E6 59                      pop rcx
   474 000001E7 5A                      pop rdx
   475 000001E8 5E                      pop rsi
   476 000001E9 5F                      pop rdi
   477 000001EA 58                      pop rax
   478                                 %line 508+1 ast06.asm
   479 000001EB 50                      push rax
   480                                 %line 508+0 ast06.asm
   481 000001EC 57                      push rdi
   482 000001ED 56                      push rsi
   483 000001EE 52                      push rdx
   484 000001EF 51                      push rcx
   485                                 
   486 000001F0 48C7C200000000          mov rdx, 0
   487 000001F7 48C7C7[00000000]        mov rdi, newLine
   488                                 ..@8.countLoop:
   489 000001FE 803F00                  cmp byte [rdi], NULL
   490 00000201 7406                    je ..@8.countLoopDone
   491 00000203 48FFC7                  inc rdi
   492 00000206 48FFC2                  inc rdx
   493 00000209 EBF1                    jmp ..@8.countLoop
   494                                 ..@8.countLoopDone:
   495                                 
   496 0000020B 48C7C001000000          mov rax, SYS_write
   497 00000212 48C7C701000000          mov rdi, STDOUT
   498 00000219 48C7C6[00000000]        mov rsi, newLine
   499 00000220 0F05                    syscall
   500                                 
   501 00000222 59                      pop rcx
   502 00000223 5A                      pop rdx
   503 00000224 5E                      pop rsi
   504 00000225 5F                      pop rdi
   505 00000226 58                      pop rax
   506                                 %line 509+1 ast06.asm
   507                                 
   508                                 
   509                                 
   510                                 
   511                                 
   512                                 
   513                                 
   514                                 
   515                                 
   516 00000227 8B0C25[00000000]        mov ecx, dword [length]
   517 0000022E 48C7C6[00000000]        mov rsi, Alst
   518 00000235 48C7C7[00000000]        mov rdi, Avalues
   519                                 
   520                                 cvtAloop:
   521 0000023C 51                      push rcx
   522 0000023D 56                      push rsi
   523 0000023E 57                      push rdi
   524                                 
   525                                 
   526                                 %line 527+0 ast06.asm
   527                                 
   528                                 
   529                                 
   530                                 
   531                                 
   532                                 
   533 0000023F 48C70700000000          mov qword [rdi], 0
   534                                 
   535                                 
   536                                 
   537                                 
   538 00000246 4989F6                  mov r14, rsi
   539                                 
   540                                 
   541 00000249 C60425[00000000]00      mov byte [DoNeg], 0
   542                                 
   543                                 
   544 00000251 49C7C000000000          mov r8, 0
   545                                 
   546                                 
   547                                  ..@9.CvtLoop:
   548                                 
   549                                 
   550                                 
   551 00000258 49FFC0                  inc r8
   552                                 
   553 0000025B 43803C0600              cmp byte [r14 + r8], NULL
   554 00000260 7410                    je ..@9.NullEncounter
   555                                 
   556                                 
   557                                 
   558 00000262 478A2C06                mov r13b, byte [r14 + r8]
   559 00000266 4180ED30                sub r13b, "0"
   560                                 
   561                                 
   562                                 
   563 0000026A 8B07                    mov eax, dword [rdi]
   564 0000026C 6BC009                  imul eax, 9
   565 0000026F 8907                    mov dword [rdi], eax
   566                                 
   567                                 
   568                                 
   569 00000271 44012F                  add dword [rdi], r13d
   570                                 
   571                                  ..@9.NullEncounter:
   572                                 
   573                                 
   574 00000274 43803C0600              cmp byte [r14 + r8], NULL
   575 00000279 75DB                    jne ..@9.CvtLoop
   576                                 
   577                                 
   578                                 
   579 0000027B 41803E2D                cmp byte [r14], "-"
   580 0000027F 7500                    jne ..@9.SkipNeg
   581 00000281 F71F                    neg dword [rdi]
   582                                  ..@9.SkipNeg:
   583                                 
   584                                 
   585                                 
   586                                 %line 528+1 ast06.asm
   587                                 
   588 00000283 5F                      pop rdi
   589 00000284 5E                      pop rsi
   590 00000285 59                      pop rcx
   591                                 
   592                                 nxtChrA:
   593 00000286 803E00                  cmp byte [rsi], NULL
   594 00000289 7403                    je gotAEOS
   595 0000028B 48FFC6                  inc rsi
   596 0000028E EBF4                    jmp nxtChrA
   597                                 gotAEOS:
   598 00000290 48FFC6                  inc rsi
   599 00000293 4883C704                add rdi, 4
   600                                 
   601 00000297 FFC9                    dec ecx
   602 00000299 83F900                  cmp ecx, 0
   603 0000029C 759C                    jne cvtAloop
   604                                 
   605                                 
   606                                 
   607                                 
   608 0000029E 8B0C25[00000000]        mov ecx, dword [length]
   609 000002A5 48C7C6[00000000]        mov rsi, Clst
   610 000002AC 48C7C7[00000000]        mov rdi, Cvalues
   611                                 
   612                                 cvtCloop:
   613 000002B3 51                      push rcx
   614 000002B4 56                      push rsi
   615 000002B5 57                      push rdi
   616                                 
   617                                 
   618                                 %line 558+0 ast06.asm
   619                                 
   620                                 
   621                                 
   622                                 
   623                                 
   624                                 
   625 000002B6 48C70700000000          mov qword [rdi], 0
   626                                 
   627                                 
   628                                 
   629                                 
   630 000002BD 4989F6                  mov r14, rsi
   631                                 
   632                                 
   633 000002C0 C60425[00000000]00      mov byte [DoNeg], 0
   634                                 
   635                                 
   636 000002C8 49C7C000000000          mov r8, 0
   637                                 
   638                                 
   639                                  ..@10.CvtLoop:
   640                                 
   641                                 
   642                                 
   643 000002CF 49FFC0                  inc r8
   644                                 
   645 000002D2 43803C0600              cmp byte [r14 + r8], NULL
   646 000002D7 7410                    je ..@10.NullEncounter
   647                                 
   648                                 
   649                                 
   650 000002D9 478A2C06                mov r13b, byte [r14 + r8]
   651 000002DD 4180ED30                sub r13b, "0"
   652                                 
   653                                 
   654                                 
   655 000002E1 8B07                    mov eax, dword [rdi]
   656 000002E3 6BC009                  imul eax, 9
   657 000002E6 8907                    mov dword [rdi], eax
   658                                 
   659                                 
   660                                 
   661 000002E8 44012F                  add dword [rdi], r13d
   662                                 
   663                                  ..@10.NullEncounter:
   664                                 
   665                                 
   666 000002EB 43803C0600              cmp byte [r14 + r8], NULL
   667 000002F0 75DB                    jne ..@10.CvtLoop
   668                                 
   669                                 
   670                                 
   671 000002F2 41803E2D                cmp byte [r14], "-"
   672 000002F6 7500                    jne ..@10.SkipNeg
   673 000002F8 F71F                    neg dword [rdi]
   674                                  ..@10.SkipNeg:
   675                                 
   676                                 
   677                                 
   678                                 %line 559+1 ast06.asm
   679                                 
   680 000002FA 5F                      pop rdi
   681 000002FB 5E                      pop rsi
   682 000002FC 59                      pop rcx
   683                                 
   684                                 nxtChrC:
   685 000002FD 803E00                  cmp byte [rsi], NULL
   686 00000300 7403                    je gotCEOS
   687 00000302 48FFC6                  inc rsi
   688 00000305 EBF4                    jmp nxtChrC
   689                                 gotCEOS:
   690 00000307 48FFC6                  inc rsi
   691 0000030A 4883C704                add rdi, 4
   692                                 
   693 0000030E FFC9                    dec ecx
   694 00000310 83F900                  cmp ecx, 0
   695 00000313 759C                    jne cvtCloop
   696                                 
   697                                 
   698                                 
   699                                 
   700                                 
   701 00000315 8B0C25[00000000]        mov ecx, dword [length]
   702 0000031C 48C7C600000000          mov rsi, 0
   703 00000323 C70425[00000000]00-     mov dword [xIntSum], 0
   704 00000323 000000             
   705                                 
   706                                 xIntLoop:
   707 0000032E 8B04B5[00000000]        mov eax, dword [Cvalues+rsi*4]
   708 00000335 99                      cdq
   709 00000336 F73CB5[00000000]        idiv dword [Avalues+rsi*4]
   710                                 
   711 0000033D 8904B5[00000000]        mov dword [xInts+rsi*4], eax
   712 00000344 010425[00000000]        add dword [xIntSum], eax
   713                                 
   714 0000034B 48FFC6                  inc rsi
   715 0000034E E2DC                    loop xIntLoop
   716                                 
   717                                 
   718                                 
   719                                 
   720 00000350 8B0425[00000000]        mov eax, dword [xIntSum]
   721 00000357 99                      cdq
   722 00000358 F73C25[00000000]        idiv dword [length]
   723 0000035F 890425[00000000]        mov dword [xIntAve], eax
   724                                 
   725                                 
   726                                 
   727                                 
   728                                 
   729 00000366 50                      push rax
   730                                 %line 608+0 ast06.asm
   731 00000367 57                      push rdi
   732 00000368 56                      push rsi
   733 00000369 52                      push rdx
   734 0000036A 51                      push rcx
   735                                 
   736 0000036B 48C7C200000000          mov rdx, 0
   737 00000372 48C7C7[00000000]        mov rdi, xIntsHdr
   738                                 ..@11.countLoop:
   739 00000379 803F00                  cmp byte [rdi], NULL
   740 0000037C 7406                    je ..@11.countLoopDone
   741 0000037E 48FFC7                  inc rdi
   742 00000381 48FFC2                  inc rdx
   743 00000384 EBF1                    jmp ..@11.countLoop
   744                                 ..@11.countLoopDone:
   745                                 
   746 00000386 48C7C001000000          mov rax, SYS_write
   747 0000038D 48C7C701000000          mov rdi, STDOUT
   748 00000394 48C7C6[00000000]        mov rsi, xIntsHdr
   749 0000039B 0F05                    syscall
   750                                 
   751 0000039D 59                      pop rcx
   752 0000039E 5A                      pop rdx
   753 0000039F 5E                      pop rsi
   754 000003A0 5F                      pop rdi
   755 000003A1 58                      pop rax
   756                                 %line 609+1 ast06.asm
   757                                 
   758 000003A2 8B0C25[00000000]        mov ecx, dword [length]
   759 000003A9 48C7C7[00000000]        mov rdi, xInts
   760 000003B0 48C7C600000000          mov rsi, 0
   761 000003B7 C70425[00000000]00-     mov dword [numCount], 0
   762 000003B7 000000             
   763                                 
   764                                 cvtBAloop:
   765 000003C2 8B04B5[00000000]        mov eax, dword [xInts+rsi*4]
   766 000003C9 890425[00000000]        mov dword [tempNum], eax
   767                                 
   768                                 
   769                                 %line 619+0 ast06.asm
   770                                 
   771                                 
   772 000003D0 51                      push rcx
   773                                 
   774 000003D1 52                      push rdx
   775 000003D2 53                      push rbx
   776 000003D3 57                      push rdi
   777 000003D4 50                      push rax
   778                                 
   779                                 
   780                                 
   781 000003D5 C60425[00000000]00      mov byte [DoNeg], FALSE
   782                                 
   783                                 
   784 000003DD 833C25[00000000]00      cmp dword [tempNum], 0
   785 000003E5 7D0D                    jge ..@12.DontNeg
   786 000003E7 C60425[00000000]01      mov byte [DoNeg], TRUE
   787 000003EF F71C25[00000000]        neg dword [tempNum]
   788                                  ..@12.DontNeg:
   789                                 
   790                                 
   791 000003F6 8B0425[00000000]        mov eax, dword [tempNum]
   792                                 
   793                                 
   794 000003FD 48C7C100000000          mov rcx, 0
   795                                 
   796                                 
   797 00000404 BB09000000              mov ebx, 9
   798                                 
   799                                  ..@12.SuccessiveDivLoop:
   800                                 
   801                                 
   802 00000409 99                      cdq
   803 0000040A F7FB                    idiv ebx
   804                                 
   805                                 
   806 0000040C 52                      push rdx
   807 0000040D 48FFC1                  inc rcx
   808                                 
   809                                 
   810 00000410 83F800                  cmp eax, 0
   811 00000413 75F2                    jne ..@12.SuccessiveDivLoop
   812                                 
   813                                 
   814 00000415 48C7C3[00000000]        mov rbx, tmpString
   815                                 
   816                                 
   817                                 
   818 0000041C 48C7C701000000          mov rdi, 1
   819                                 
   820                                 
   821 00000423 C6032B                  mov byte [rbx], "+"
   822                                 
   823                                 
   824 00000426 803C25[00000000]00      cmp byte [DoNeg], 0
   825 0000042E 7401                    je ..@12.SignPositive
   826 00000430 C6032D                  mov byte [rbx], "-"
   827                                  ..@12.SignPositive:
   828                                 
   829                                  ..@12.popStack:
   830                                 
   831                                 
   832 00000433 58                      pop rax
   833 00000434 0430                    add al, "0"
   834                                 
   835                                 
   836 00000436 88043B                  mov byte [rbx + rdi], al
   837 00000439 48FFC7                  inc rdi
   838                                 
   839 0000043C E2F3                    loop ..@12.popStack
   840                                 
   841                                 
   842 0000043E C6043B00                mov byte [rbx + rdi], NULL
   843                                 
   844                                 
   845 00000442 58                      pop rax
   846 00000443 5F                      pop rdi
   847 00000444 5B                      pop rbx
   848 00000445 5A                      pop rdx
   849                                 
   850 00000446 59                      pop rcx
   851                                 
   852                                 
   853                                 %line 620+1 ast06.asm
   854 00000447 50                      push rax
   855                                 %line 620+0 ast06.asm
   856 00000448 57                      push rdi
   857 00000449 56                      push rsi
   858 0000044A 52                      push rdx
   859 0000044B 51                      push rcx
   860                                 
   861 0000044C 48C7C200000000          mov rdx, 0
   862 00000453 48C7C7[00000000]        mov rdi, tmpString
   863                                 ..@13.countLoop:
   864 0000045A 803F00                  cmp byte [rdi], NULL
   865 0000045D 7406                    je ..@13.countLoopDone
   866 0000045F 48FFC7                  inc rdi
   867 00000462 48FFC2                  inc rdx
   868 00000465 EBF1                    jmp ..@13.countLoop
   869                                 ..@13.countLoopDone:
   870                                 
   871 00000467 48C7C001000000          mov rax, SYS_write
   872 0000046E 48C7C701000000          mov rdi, STDOUT
   873 00000475 48C7C6[00000000]        mov rsi, tmpString
   874 0000047C 0F05                    syscall
   875                                 
   876 0000047E 59                      pop rcx
   877 0000047F 5A                      pop rdx
   878 00000480 5E                      pop rsi
   879 00000481 5F                      pop rdi
   880 00000482 58                      pop rax
   881                                 %line 621+1 ast06.asm
   882 00000483 50                      push rax
   883                                 %line 621+0 ast06.asm
   884 00000484 57                      push rdi
   885 00000485 56                      push rsi
   886 00000486 52                      push rdx
   887 00000487 51                      push rcx
   888                                 
   889 00000488 48C7C200000000          mov rdx, 0
   890 0000048F 48C7C7[00000000]        mov rdi, spaces
   891                                 ..@14.countLoop:
   892 00000496 803F00                  cmp byte [rdi], NULL
   893 00000499 7406                    je ..@14.countLoopDone
   894 0000049B 48FFC7                  inc rdi
   895 0000049E 48FFC2                  inc rdx
   896 000004A1 EBF1                    jmp ..@14.countLoop
   897                                 ..@14.countLoopDone:
   898                                 
   899 000004A3 48C7C001000000          mov rax, SYS_write
   900 000004AA 48C7C701000000          mov rdi, STDOUT
   901 000004B1 48C7C6[00000000]        mov rsi, spaces
   902 000004B8 0F05                    syscall
   903                                 
   904 000004BA 59                      pop rcx
   905 000004BB 5A                      pop rdx
   906 000004BC 5E                      pop rsi
   907 000004BD 5F                      pop rdi
   908 000004BE 58                      pop rax
   909                                 %line 622+1 ast06.asm
   910                                 
   911 000004BF FF0425[00000000]        inc dword [numCount]
   912 000004C6 833C25[00000000]03      cmp dword [numCount], NUMS_PER_LINE
   913 000004CE 7C45                    jl skipNewline1
   914 000004D0 50                      push rax
   915                                 %line 626+0 ast06.asm
   916 000004D1 57                      push rdi
   917 000004D2 56                      push rsi
   918 000004D3 52                      push rdx
   919 000004D4 51                      push rcx
   920                                 
   921 000004D5 48C7C200000000          mov rdx, 0
   922 000004DC 48C7C7[00000000]        mov rdi, newLine
   923                                 ..@15.countLoop:
   924 000004E3 803F00                  cmp byte [rdi], NULL
   925 000004E6 7406                    je ..@15.countLoopDone
   926 000004E8 48FFC7                  inc rdi
   927 000004EB 48FFC2                  inc rdx
   928 000004EE EBF1                    jmp ..@15.countLoop
   929                                 ..@15.countLoopDone:
   930                                 
   931 000004F0 48C7C001000000          mov rax, SYS_write
   932 000004F7 48C7C701000000          mov rdi, STDOUT
   933 000004FE 48C7C6[00000000]        mov rsi, newLine
   934 00000505 0F05                    syscall
   935                                 
   936 00000507 59                      pop rcx
   937 00000508 5A                      pop rdx
   938 00000509 5E                      pop rsi
   939 0000050A 5F                      pop rdi
   940 0000050B 58                      pop rax
   941                                 %line 627+1 ast06.asm
   942 0000050C C70425[00000000]00-     mov dword [numCount], 0
   943 0000050C 000000             
   944                                 skipNewline1:
   945                                 
   946 00000517 48FFC6                  inc rsi
   947 0000051A 48FFC9                  dec rcx
   948 0000051D 4883F900                cmp rcx, 0
   949 00000521 0F8595FEFFFF            jne cvtBAloop
   950                                 
   951                                 
   952                                 
   953                                 
   954 00000527 50                      push rax
   955                                 %line 638+0 ast06.asm
   956 00000528 57                      push rdi
   957 00000529 56                      push rsi
   958 0000052A 52                      push rdx
   959 0000052B 51                      push rcx
   960                                 
   961 0000052C 48C7C200000000          mov rdx, 0
   962 00000533 48C7C7[00000000]        mov rdi, smHdr
   963                                 ..@16.countLoop:
   964 0000053A 803F00                  cmp byte [rdi], NULL
   965 0000053D 7406                    je ..@16.countLoopDone
   966 0000053F 48FFC7                  inc rdi
   967 00000542 48FFC2                  inc rdx
   968 00000545 EBF1                    jmp ..@16.countLoop
   969                                 ..@16.countLoopDone:
   970                                 
   971 00000547 48C7C001000000          mov rax, SYS_write
   972 0000054E 48C7C701000000          mov rdi, STDOUT
   973 00000555 48C7C6[00000000]        mov rsi, smHdr
   974 0000055C 0F05                    syscall
   975                                 
   976 0000055E 59                      pop rcx
   977 0000055F 5A                      pop rdx
   978 00000560 5E                      pop rsi
   979 00000561 5F                      pop rdi
   980 00000562 58                      pop rax
   981                                 %line 639+1 ast06.asm
   982                                 
   983                                 %line 639+0 ast06.asm
   984                                 
   985                                 
   986 00000563 51                      push rcx
   987                                 
   988 00000564 52                      push rdx
   989 00000565 53                      push rbx
   990 00000566 57                      push rdi
   991 00000567 50                      push rax
   992                                 
   993                                 
   994                                 
   995 00000568 C60425[00000000]00      mov byte [DoNeg], FALSE
   996                                 
   997                                 
   998 00000570 833C25[00000000]00      cmp dword [xIntSum], 0
   999 00000578 7D0D                    jge ..@17.DontNeg
  1000 0000057A C60425[00000000]01      mov byte [DoNeg], TRUE
  1001 00000582 F71C25[00000000]        neg dword [xIntSum]
  1002                                  ..@17.DontNeg:
  1003                                 
  1004                                 
  1005 00000589 8B0425[00000000]        mov eax, dword [xIntSum]
  1006                                 
  1007                                 
  1008 00000590 48C7C100000000          mov rcx, 0
  1009                                 
  1010                                 
  1011 00000597 BB09000000              mov ebx, 9
  1012                                 
  1013                                  ..@17.SuccessiveDivLoop:
  1014                                 
  1015                                 
  1016 0000059C 99                      cdq
  1017 0000059D F7FB                    idiv ebx
  1018                                 
  1019                                 
  1020 0000059F 52                      push rdx
  1021 000005A0 48FFC1                  inc rcx
  1022                                 
  1023                                 
  1024 000005A3 83F800                  cmp eax, 0
  1025 000005A6 75F2                    jne ..@17.SuccessiveDivLoop
  1026                                 
  1027                                 
  1028 000005A8 48C7C3[00000000]        mov rbx, tmpString
  1029                                 
  1030                                 
  1031                                 
  1032 000005AF 48C7C701000000          mov rdi, 1
  1033                                 
  1034                                 
  1035 000005B6 C6032B                  mov byte [rbx], "+"
  1036                                 
  1037                                 
  1038 000005B9 803C25[00000000]00      cmp byte [DoNeg], 0
  1039 000005C1 7401                    je ..@17.SignPositive
  1040 000005C3 C6032D                  mov byte [rbx], "-"
  1041                                  ..@17.SignPositive:
  1042                                 
  1043                                  ..@17.popStack:
  1044                                 
  1045                                 
  1046 000005C6 58                      pop rax
  1047 000005C7 0430                    add al, "0"
  1048                                 
  1049                                 
  1050 000005C9 88043B                  mov byte [rbx + rdi], al
  1051 000005CC 48FFC7                  inc rdi
  1052                                 
  1053 000005CF E2F3                    loop ..@17.popStack
  1054                                 
  1055                                 
  1056 000005D1 C6043B00                mov byte [rbx + rdi], NULL
  1057                                 
  1058                                 
  1059 000005D5 58                      pop rax
  1060 000005D6 5F                      pop rdi
  1061 000005D7 5B                      pop rbx
  1062 000005D8 5A                      pop rdx
  1063                                 
  1064 000005D9 59                      pop rcx
  1065                                 
  1066                                 
  1067                                 %line 640+1 ast06.asm
  1068 000005DA 50                      push rax
  1069                                 %line 640+0 ast06.asm
  1070 000005DB 57                      push rdi
  1071 000005DC 56                      push rsi
  1072 000005DD 52                      push rdx
  1073 000005DE 51                      push rcx
  1074                                 
  1075 000005DF 48C7C200000000          mov rdx, 0
  1076 000005E6 48C7C7[00000000]        mov rdi, tmpString
  1077                                 ..@18.countLoop:
  1078 000005ED 803F00                  cmp byte [rdi], NULL
  1079 000005F0 7406                    je ..@18.countLoopDone
  1080 000005F2 48FFC7                  inc rdi
  1081 000005F5 48FFC2                  inc rdx
  1082 000005F8 EBF1                    jmp ..@18.countLoop
  1083                                 ..@18.countLoopDone:
  1084                                 
  1085 000005FA 48C7C001000000          mov rax, SYS_write
  1086 00000601 48C7C701000000          mov rdi, STDOUT
  1087 00000608 48C7C6[00000000]        mov rsi, tmpString
  1088 0000060F 0F05                    syscall
  1089                                 
  1090 00000611 59                      pop rcx
  1091 00000612 5A                      pop rdx
  1092 00000613 5E                      pop rsi
  1093 00000614 5F                      pop rdi
  1094 00000615 58                      pop rax
  1095                                 %line 641+1 ast06.asm
  1096                                 
  1097                                 
  1098                                 
  1099                                 
  1100 00000616 50                      push rax
  1101                                 %line 645+0 ast06.asm
  1102 00000617 57                      push rdi
  1103 00000618 56                      push rsi
  1104 00000619 52                      push rdx
  1105 0000061A 51                      push rcx
  1106                                 
  1107 0000061B 48C7C200000000          mov rdx, 0
  1108 00000622 48C7C7[00000000]        mov rdi, avHdr
  1109                                 ..@19.countLoop:
  1110 00000629 803F00                  cmp byte [rdi], NULL
  1111 0000062C 7406                    je ..@19.countLoopDone
  1112 0000062E 48FFC7                  inc rdi
  1113 00000631 48FFC2                  inc rdx
  1114 00000634 EBF1                    jmp ..@19.countLoop
  1115                                 ..@19.countLoopDone:
  1116                                 
  1117 00000636 48C7C001000000          mov rax, SYS_write
  1118 0000063D 48C7C701000000          mov rdi, STDOUT
  1119 00000644 48C7C6[00000000]        mov rsi, avHdr
  1120 0000064B 0F05                    syscall
  1121                                 
  1122 0000064D 59                      pop rcx
  1123 0000064E 5A                      pop rdx
  1124 0000064F 5E                      pop rsi
  1125 00000650 5F                      pop rdi
  1126 00000651 58                      pop rax
  1127                                 %line 646+1 ast06.asm
  1128                                 
  1129                                 %line 646+0 ast06.asm
  1130                                 
  1131                                 
  1132 00000652 51                      push rcx
  1133                                 
  1134 00000653 52                      push rdx
  1135 00000654 53                      push rbx
  1136 00000655 57                      push rdi
  1137 00000656 50                      push rax
  1138                                 
  1139                                 
  1140                                 
  1141 00000657 C60425[00000000]00      mov byte [DoNeg], FALSE
  1142                                 
  1143                                 
  1144 0000065F 833C25[00000000]00      cmp dword [xIntAve], 0
  1145 00000667 7D0D                    jge ..@20.DontNeg
  1146 00000669 C60425[00000000]01      mov byte [DoNeg], TRUE
  1147 00000671 F71C25[00000000]        neg dword [xIntAve]
  1148                                  ..@20.DontNeg:
  1149                                 
  1150                                 
  1151 00000678 8B0425[00000000]        mov eax, dword [xIntAve]
  1152                                 
  1153                                 
  1154 0000067F 48C7C100000000          mov rcx, 0
  1155                                 
  1156                                 
  1157 00000686 BB09000000              mov ebx, 9
  1158                                 
  1159                                  ..@20.SuccessiveDivLoop:
  1160                                 
  1161                                 
  1162 0000068B 99                      cdq
  1163 0000068C F7FB                    idiv ebx
  1164                                 
  1165                                 
  1166 0000068E 52                      push rdx
  1167 0000068F 48FFC1                  inc rcx
  1168                                 
  1169                                 
  1170 00000692 83F800                  cmp eax, 0
  1171 00000695 75F2                    jne ..@20.SuccessiveDivLoop
  1172                                 
  1173                                 
  1174 00000697 48C7C3[00000000]        mov rbx, tmpString
  1175                                 
  1176                                 
  1177                                 
  1178 0000069E 48C7C701000000          mov rdi, 1
  1179                                 
  1180                                 
  1181 000006A5 C6032B                  mov byte [rbx], "+"
  1182                                 
  1183                                 
  1184 000006A8 803C25[00000000]00      cmp byte [DoNeg], 0
  1185 000006B0 7401                    je ..@20.SignPositive
  1186 000006B2 C6032D                  mov byte [rbx], "-"
  1187                                  ..@20.SignPositive:
  1188                                 
  1189                                  ..@20.popStack:
  1190                                 
  1191                                 
  1192 000006B5 58                      pop rax
  1193 000006B6 0430                    add al, "0"
  1194                                 
  1195                                 
  1196 000006B8 88043B                  mov byte [rbx + rdi], al
  1197 000006BB 48FFC7                  inc rdi
  1198                                 
  1199 000006BE E2F3                    loop ..@20.popStack
  1200                                 
  1201                                 
  1202 000006C0 C6043B00                mov byte [rbx + rdi], NULL
  1203                                 
  1204                                 
  1205 000006C4 58                      pop rax
  1206 000006C5 5F                      pop rdi
  1207 000006C6 5B                      pop rbx
  1208 000006C7 5A                      pop rdx
  1209                                 
  1210 000006C8 59                      pop rcx
  1211                                 
  1212                                 
  1213                                 %line 647+1 ast06.asm
  1214 000006C9 50                      push rax
  1215                                 %line 647+0 ast06.asm
  1216 000006CA 57                      push rdi
  1217 000006CB 56                      push rsi
  1218 000006CC 52                      push rdx
  1219 000006CD 51                      push rcx
  1220                                 
  1221 000006CE 48C7C200000000          mov rdx, 0
  1222 000006D5 48C7C7[00000000]        mov rdi, tmpString
  1223                                 ..@21.countLoop:
  1224 000006DC 803F00                  cmp byte [rdi], NULL
  1225 000006DF 7406                    je ..@21.countLoopDone
  1226 000006E1 48FFC7                  inc rdi
  1227 000006E4 48FFC2                  inc rdx
  1228 000006E7 EBF1                    jmp ..@21.countLoop
  1229                                 ..@21.countLoopDone:
  1230                                 
  1231 000006E9 48C7C001000000          mov rax, SYS_write
  1232 000006F0 48C7C701000000          mov rdi, STDOUT
  1233 000006F7 48C7C6[00000000]        mov rsi, tmpString
  1234 000006FE 0F05                    syscall
  1235                                 
  1236 00000700 59                      pop rcx
  1237 00000701 5A                      pop rdx
  1238 00000702 5E                      pop rsi
  1239 00000703 5F                      pop rdi
  1240 00000704 58                      pop rax
  1241                                 %line 648+1 ast06.asm
  1242                                 
  1243 00000705 50                      push rax
  1244                                 %line 649+0 ast06.asm
  1245 00000706 57                      push rdi
  1246 00000707 56                      push rsi
  1247 00000708 52                      push rdx
  1248 00000709 51                      push rcx
  1249                                 
  1250 0000070A 48C7C200000000          mov rdx, 0
  1251 00000711 48C7C7[00000000]        mov rdi, newLine
  1252                                 ..@22.countLoop:
  1253 00000718 803F00                  cmp byte [rdi], NULL
  1254 0000071B 7406                    je ..@22.countLoopDone
  1255 0000071D 48FFC7                  inc rdi
  1256 00000720 48FFC2                  inc rdx
  1257 00000723 EBF1                    jmp ..@22.countLoop
  1258                                 ..@22.countLoopDone:
  1259                                 
  1260 00000725 48C7C001000000          mov rax, SYS_write
  1261 0000072C 48C7C701000000          mov rdi, STDOUT
  1262 00000733 48C7C6[00000000]        mov rsi, newLine
  1263 0000073A 0F05                    syscall
  1264                                 
  1265 0000073C 59                      pop rcx
  1266 0000073D 5A                      pop rdx
  1267 0000073E 5E                      pop rsi
  1268 0000073F 5F                      pop rdi
  1269 00000740 58                      pop rax
  1270                                 %line 650+1 ast06.asm
  1271 00000741 50                      push rax
  1272                                 %line 650+0 ast06.asm
  1273 00000742 57                      push rdi
  1274 00000743 56                      push rsi
  1275 00000744 52                      push rdx
  1276 00000745 51                      push rcx
  1277                                 
  1278 00000746 48C7C200000000          mov rdx, 0
  1279 0000074D 48C7C7[00000000]        mov rdi, newLine
  1280                                 ..@23.countLoop:
  1281 00000754 803F00                  cmp byte [rdi], NULL
  1282 00000757 7406                    je ..@23.countLoopDone
  1283 00000759 48FFC7                  inc rdi
  1284 0000075C 48FFC2                  inc rdx
  1285 0000075F EBF1                    jmp ..@23.countLoop
  1286                                 ..@23.countLoopDone:
  1287                                 
  1288 00000761 48C7C001000000          mov rax, SYS_write
  1289 00000768 48C7C701000000          mov rdi, STDOUT
  1290 0000076F 48C7C6[00000000]        mov rsi, newLine
  1291 00000776 0F05                    syscall
  1292                                 
  1293 00000778 59                      pop rcx
  1294 00000779 5A                      pop rdx
  1295 0000077A 5E                      pop rsi
  1296 0000077B 5F                      pop rdi
  1297 0000077C 58                      pop rax
  1298                                 %line 651+1 ast06.asm
  1299                                 
  1300                                 
  1301                                 
  1302                                 
  1303                                 last:
  1304 0000077D 48C7C03C000000          mov rax, SYS_exit
  1305 00000784 48C7C300000000          mov rbx, SUCCESS
  1306 0000078B 0F05                    syscall
  1307                                 
